// Vitest Snapshot v1, https://vitest.dev/guide/snapshot.html

exports[`Tests in <Card.tsx /> > Shoud match with snapshot 1`] = `
<div>
  <div
    class="bg-white border border-gray-200 rounded-lg shadow dark:bg-gray-800 dark:border-gray-700"
  >
    <img
      alt="Test Gif"
      class="rounded-t-lg"
      src="https://example.com/test.gif"
    />
    <div
      class="p-5"
    >
      <p
        class="font-normal text-gray-700 dark:text-gray-400 truncate"
      >
        Test Gif
      </p>
    </div>
  </div>
</div>
`;
